[    0.000000] Initializing cgroup subsys cpuset
[    0.000000] Initializing cgroup subsys cpu
[    0.000000] Initializing cgroup subsys cpuacct
[    0.000000] Linux version 4.4.0-151-generic (buildd@lgw01-amd64-043) (gcc version 5.4.0 20160609 (Ubuntu 5.4.0-6ubuntu1~16.04.10) ) #178-Ubuntu SMP Tue Jun 11 08:30:22 UTC 2019 (Ubuntu 4.4.0-151.178-generic 4.4.179)
[    0.000000] Command line: BOOT_IMAGE=/boot/vmlinuz-4.4.0-151-generic root=LABEL=cloudimg-rootfs ro console=tty1 console=ttyS0
[    0.000000] KERNEL supported cpus:
[    0.000000]   Intel GenuineIntel
[    0.000000]   AMD AuthenticAMD
[    0.000000]   Centaur CentaurHauls
[    0.000000] x86/fpu: xstate_offset[2]:  576, xstate_sizes[2]:  256
[    0.000000] x86/fpu: Supporting XSAVE feature 0x01: 'x87 floating point registers'
[    0.000000] x86/fpu: Supporting XSAVE feature 0x02: 'SSE registers'
[    0.000000] x86/fpu: Supporting XSAVE feature 0x04: 'AVX registers'
[    0.000000] x86/fpu: Enabled xstate features 0x7, context size is 832 bytes, using 'standard' format.
[    0.000000] e820: BIOS-provided physical RAM map:
[    0.000000] BIOS-e820: [mem 0x0000000000000000-0x000000000009fbff] usable
[    0.000000] BIOS-e820: [mem 0x000000000009fc00-0x000000000009ffff] reserved
[    0.000000] BIOS-e820: [mem 0x00000000000f0000-0x00000000000fffff] reserved
[    0.000000] BIOS-e820: [mem 0x0000000000100000-0x000000001ffeffff] usable
[    0.000000] BIOS-e820: [mem 0x000000001fff0000-0x000000001fffffff] ACPI data
[    0.000000] BIOS-e820: [mem 0x00000000fec00000-0x00000000fec00fff] reserved
[    0.000000] BIOS-e820: [mem 0x00000000fee00000-0x00000000fee00fff] reserved
[    0.000000] BIOS-e820: [mem 0x00000000fffc0000-0x00000000ffffffff] reserved
[    0.000000] NX (Execute Disable) protection: active
[    0.000000] SMBIOS 2.5 present.
[    0.000000] Hypervisor detected: KVM
[    0.000000] e820: last_pfn = 0x1fff0 max_arch_pfn = 0x400000000
[    0.000000] MTRR: Disabled
[    0.000000] x86/PAT: MTRRs disabled, skipping PAT initialization too.
[    0.000000] CPU MTRRs all blank - virtualized system.
[    0.000000] x86/PAT: Configuration [0-7]: WB  WT  UC- UC  WB  WT  UC- UC  
[    0.000000] found SMP MP-table at [mem 0x0009fff0-0x0009ffff] mapped at [ffff88000009fff0]
[    0.000000] Scanning 1 areas for low memory corruption
[    0.000000] RAMDISK: [mem 0x1e96e000-0x1f7e7fff]
[    0.000000] ACPI: Early table checksum verification disabled
[    0.000000] ACPI: RSDP 0x00000000000E0000 000024 (v02 VBOX  )
[    0.000000] ACPI: XSDT 0x000000001FFF0030 00003C (v01 VBOX   VBOXXSDT 00000001 ASL  00000061)
[    0.000000] ACPI: FACP 0x000000001FFF00F0 0000F4 (v04 VBOX   VBOXFACP 00000001 ASL  00000061)
[    0.000000] ACPI: DSDT 0x000000001FFF0470 0022EA (v02 VBOX   VBOXBIOS 00000002 INTL 20181213)
[    0.000000] ACPI: FACS 0x000000001FFF0200 000040
[    0.000000] ACPI: FACS 0x000000001FFF0200 000040
[    0.000000] ACPI: APIC 0x000000001FFF0240 00005C (v02 VBOX   VBOXAPIC 00000001 ASL  00000061)
[    0.000000] ACPI: SSDT 0x000000001FFF02A0 0001CC (v01 VBOX   VBOXCPUT 00000002 INTL 20181213)
[    0.000000] No NUMA configuration found
[    0.000000] Faking a node at [mem 0x0000000000000000-0x000000001ffeffff]
[    0.000000] NODE_DATA(0) allocated [mem 0x1ffeb000-0x1ffeffff]
[    0.000000] kvm-clock: Using msrs 4b564d01 and 4b564d00
[    0.000000] kvm-clock: cpu 0, msr 0:1ffe3001, primary cpu clock
[    0.000000] kvm-clock: using sched offset of 3361166897 cycles
[    0.000000] clocksource: kvm-clock: mask: 0xffffffffffffffff max_cycles: 0x1cd42e4dffb, max_idle_ns: 881590591483 ns
[    0.000000] Zone ranges:
[    0.000000]   DMA      [mem 0x0000000000001000-0x0000000000ffffff]
[    0.000000]   DMA32    [mem 0x0000000001000000-0x000000001ffeffff]
[    0.000000]   Normal   empty
[    0.000000]   Device   empty
[    0.000000] Movable zone start for each node
[    0.000000] Early memory node ranges
[    0.000000]   node   0: [mem 0x0000000000001000-0x000000000009efff]
[    0.000000]   node   0: [mem 0x0000000000100000-0x000000001ffeffff]
[    0.000000] Initmem setup node 0 [mem 0x0000000000001000-0x000000001ffeffff]
[    0.000000] ACPI: PM-Timer IO Port: 0x4008
[    0.000000] IOAPIC[0]: apic_id 2, version 32, address 0xfec00000, GSI 0-23
[    0.000000] ACPI: INT_SRC_OVR (bus 0 bus_irq 0 global_irq 2 dfl dfl)
[    0.000000] ACPI: INT_SRC_OVR (bus 0 bus_irq 9 global_irq 9 low level)
[    0.000000] Using ACPI (MADT) for SMP configuration information
[    0.000000] smpboot: Allowing 2 CPUs, 0 hotplug CPUs
[    0.000000] PM: Registered nosave memory: [mem 0x00000000-0x00000fff]
[    0.000000] PM: Registered nosave memory: [mem 0x0009f000-0x0009ffff]
[    0.000000] PM: Registered nosave memory: [mem 0x000a0000-0x000effff]
[    0.000000] PM: Registered nosave memory: [mem 0x000f0000-0x000fffff]
[    0.000000] e820: [mem 0x20000000-0xfebfffff] available for PCI devices
[    0.000000] Booting paravirtualized kernel on KVM
[    0.000000] clocksource: refined-jiffies: mask: 0xffffffff max_cycles: 0xffffffff, max_idle_ns: 7645519600211568 ns
[    0.000000] setup_percpu: NR_CPUS:512 nr_cpumask_bits:512 nr_cpu_ids:2 nr_node_ids:1
[    0.000000] PERCPU: Embedded 34 pages/cpu @ffff88001fc00000 s99480 r8192 d31592 u1048576
[    0.000000] Built 1 zonelists in Node order, mobility grouping on.  Total pages: 128888
[    0.000000] Policy zone: DMA32
[    0.000000] Kernel command line: BOOT_IMAGE=/boot/vmlinuz-4.4.0-151-generic root=LABEL=cloudimg-rootfs ro console=tty1 console=ttyS0
[    0.000000] PID hash table entries: 2048 (order: 2, 16384 bytes)
[    0.000000] Memory: 481656K/523832K available (8613K kernel code, 1335K rwdata, 4028K rodata, 1484K init, 1284K bss, 42176K reserved, 0K cma-reserved)
[    0.000000] SLUB: HWalign=64, Order=0-3, MinObjects=0, CPUs=2, Nodes=1
[    0.000000] Kernel/User page tables isolation: enabled
[    0.000000] Hierarchical RCU implementation.
[    0.000000] 	Build-time adjustment of leaf fanout to 64.
[    0.000000] 	RCU restricting CPUs from NR_CPUS=512 to nr_cpu_ids=2.
[    0.000000] RCU: Adjusting geometry for rcu_fanout_leaf=64, nr_cpu_ids=2
[    0.000000] NR_IRQS:33024 nr_irqs:440 16
[    0.000000] Console: colour VGA+ 80x25
[    0.000000] console [tty1] enabled
[    0.000000] console [ttyS0] enabled
[    0.000000] tsc: Detected 1799.999 MHz processor
[    0.117467] Calibrating delay loop (skipped) preset value.. 3599.99 BogoMIPS (lpj=7199996)
[    0.119138] pid_max: default: 32768 minimum: 301
[    0.120069] ACPI: Core revision 20150930
[    0.121817] ACPI: 2 ACPI AML tables successfully acquired and loaded
[    0.123075] Security Framework initialized
[    0.123935] Yama: becoming mindful.
[    0.124677] AppArmor: AppArmor initialized
[    0.125538] Dentry cache hash table entries: 65536 (order: 7, 524288 bytes)
[    0.126733] Inode-cache hash table entries: 32768 (order: 6, 262144 bytes)
[    0.127890] Mount-cache hash table entries: 1024 (order: 1, 8192 bytes)
[    0.129007] Mountpoint-cache hash table entries: 1024 (order: 1, 8192 bytes)
[    0.130405] Initializing cgroup subsys io
[    0.131112] Initializing cgroup subsys memory
[    0.131870] Initializing cgroup subsys devices
[    0.133666] Initializing cgroup subsys freezer
[    0.135354] Initializing cgroup subsys net_cls
[    0.136413] Initializing cgroup subsys perf_event
[    0.137353] Initializing cgroup subsys net_prio
[    0.138212] Initializing cgroup subsys hugetlb
[    0.139078] Initializing cgroup subsys pids
[    0.142124] mce: CPU supports 0 MCE banks
[    0.143144] Last level iTLB entries: 4KB 64, 2MB 8, 4MB 8
[    0.144453] Last level dTLB entries: 4KB 64, 2MB 0, 4MB 0, 1GB 4
[    0.145881] Spectre V2 : Mitigation: Full generic retpoline
[    0.147272] Spectre V2 : Spectre v2 / SpectreRSB mitigation: Filling RSB on context switch
[    0.149878] Speculative Store Bypass: Vulnerable
[    0.151328] MDS: Vulnerable: Clear CPU buffers attempted, no microcode
[    0.156708] Freeing SMP alternatives memory: 36K
[    0.164047] ftrace: allocating 32299 entries in 127 pages
[    0.222260] smpboot: APIC(0) Converting physical 0 to logical package 0
[    0.223693] smpboot: Max logical packages: 1
[    0.224895] x2apic enabled
[    0.225843] Switched APIC routing to physical x2apic.
[    0.228042] ..TIMER: vector=0x30 apic1=0 pin1=2 apic2=-1 pin2=-1
[    0.336718] smpboot: CPU0: Intel(R) Core(TM) i5-8250U CPU @ 1.60GHz (family: 0x6, model: 0x8e, stepping: 0xa)
[    0.338985] Performance Events: unsupported p6 CPU model 142 no PMU driver, software events only.
[    0.350034] KVM setup paravirtual spinlock
[    0.351746] x86: Booting SMP configuration:
[    0.352695] .... node  #0, CPUs:      #1
[    0.353672] kvm-clock: cpu 1, msr 0:1ffe3041, secondary cpu clock
[    0.355968] mce: CPU supports 0 MCE banks
[    0.358421] x86: Booted up 1 node, 2 CPUs
[    0.359569] smpboot: Total of 2 processors activated (7199.99 BogoMIPS)
[    0.361768] devtmpfs: initialized
[    0.364613] evm: security.selinux
[    0.365343] evm: security.SMACK64
[    0.365934] evm: security.SMACK64EXEC
[    0.366623] evm: security.SMACK64TRANSMUTE
[    0.367339] evm: security.SMACK64MMAP
[    0.368011] evm: security.ima
[    0.368606] evm: security.capability
[    0.369542] clocksource: jiffies: mask: 0xffffffff max_cycles: 0xffffffff, max_idle_ns: 7645041785100000 ns
[    0.371038] futex hash table entries: 512 (order: 3, 32768 bytes)
[    0.372152] pinctrl core: initialized pinctrl subsystem
[    0.373083] RTC time: 10:28:57, date: 06/23/19
[    0.374351] NET: Registered protocol family 16
[    0.385293] cpuidle: using governor ladder
[    0.396818] cpuidle: using governor menu
[    0.398831] PCCT header not found.
[    0.400497] ACPI: bus type PCI registered
[    0.401941] acpiphp: ACPI Hot Plug PCI Controller Driver version: 0.5
[    0.404132] PCI: Using configuration type 1 for base access
[    0.418490] ACPI: Added _OSI(Module Device)
[    0.419643] ACPI: Added _OSI(Processor Device)
[    0.420756] ACPI: Added _OSI(3.0 _SCP Extensions)
[    0.421889] ACPI: Added _OSI(Processor Aggregator Device)
[    0.423835] ACPI: Executed 1 blocks of module-level executable AML code
[    0.427450] ACPI: Interpreter enabled
[    0.428411] ACPI: (supports S0 S5)
[    0.429280] ACPI: Using IOAPIC for interrupt routing
[    0.430581] PCI: Using host bridge windows from ACPI; if necessary, use "pci=nocrs" and report a bug
[    0.435986] ACPI: PCI Root Bridge [PCI0] (domain 0000 [bus 00-ff])
[    0.437360] acpi PNP0A03:00: _OSC: OS supports [ASPM ClockPM Segments MSI]
[    0.439088] acpi PNP0A03:00: _OSC: not requesting OS control; OS requires [ExtendedConfig ASPM ClockPM MSI]
[    0.441294] acpi PNP0A03:00: fail to add MMCONFIG information, can't access extended PCI configuration space under this bridge.
[    0.444077] PCI host bridge to bus 0000:00
[    0.445046] pci_bus 0000:00: root bus resource [io  0x0000-0x0cf7 window]
[    0.446455] pci_bus 0000:00: root bus resource [io  0x0d00-0xffff window]
[    0.447850] pci_bus 0000:00: root bus resource [mem 0x000a0000-0x000bffff window]
[    0.449622] pci_bus 0000:00: root bus resource [mem 0x20000000-0xfdffffff window]
[    0.451398] pci_bus 0000:00: root bus resource [bus 00-ff]
[    0.454142] pci 0000:00:01.1: legacy IDE quirk: reg 0x10: [io  0x01f0-0x01f7]
[    0.455603] pci 0000:00:01.1: legacy IDE quirk: reg 0x14: [io  0x03f6]
[    0.457056] pci 0000:00:01.1: legacy IDE quirk: reg 0x18: [io  0x0170-0x0177]
[    0.458503] pci 0000:00:01.1: legacy IDE quirk: reg 0x1c: [io  0x0376]
[    0.469711] pci 0000:00:07.0: quirk: [io  0x4000-0x403f] claimed by PIIX4 ACPI
[    0.480147] pci 0000:00:07.0: quirk: [io  0x4100-0x410f] claimed by PIIX4 SMB
[    0.487545] ACPI: PCI Interrupt Link [LNKA] (IRQs 5 9 10 *11)
[    0.489544] ACPI: PCI Interrupt Link [LNKB] (IRQs 5 9 *10 11)
[    0.491271] ACPI: PCI Interrupt Link [LNKC] (IRQs 5 *9 10 11)
[    0.493138] ACPI: PCI Interrupt Link [LNKD] (IRQs 5 9 10 *11)
[    0.494887] ACPI: Enabled 2 GPEs in block 00 to 07
[    0.496472] vgaarb: setting as boot device: PCI:0000:00:02.0
[    0.497655] vgaarb: device added: PCI:0000:00:02.0,decodes=io+mem,owns=io+mem,locks=none
[    0.499479] vgaarb: loaded
[    0.500289] vgaarb: bridge control possible 0000:00:02.0
[    0.501781] SCSI subsystem initialized
[    0.502874] ACPI: bus type USB registered
[    0.503861] usbcore: registered new interface driver usbfs
[    0.505171] usbcore: registered new interface driver hub
[    0.506340] usbcore: registered new device driver usb
[    0.507765] PCI: Using ACPI for IRQ routing
[    0.509146] NetLabel: Initializing
[    0.510021] NetLabel:  domain hash size = 128
[    0.511043] NetLabel:  protocols = UNLABELED CIPSOv4
[    0.512207] NetLabel:  unlabeled traffic allowed by default
[    0.513554] amd_nb: Cannot enumerate AMD northbridges
[    0.514699] clocksource: Switched to clocksource kvm-clock
[    0.521275] AppArmor: AppArmor Filesystem Enabled
[    0.522493] pnp: PnP ACPI init
[    0.524044] pnp: PnP ACPI: found 3 devices
[    0.533110] clocksource: acpi_pm: mask: 0xffffff max_cycles: 0xffffff, max_idle_ns: 2085701024 ns
[    0.535320] NET: Registered protocol family 2
[    0.536561] TCP established hash table entries: 4096 (order: 3, 32768 bytes)
[    0.537986] TCP bind hash table entries: 4096 (order: 4, 65536 bytes)
[    0.539316] TCP: Hash tables configured (established 4096 bind 4096)
[    0.540686] UDP hash table entries: 256 (order: 1, 8192 bytes)
[    0.541926] UDP-Lite hash table entries: 256 (order: 1, 8192 bytes)
[    0.543261] NET: Registered protocol family 1
[    0.544280] pci 0000:00:00.0: Limiting direct PCI/PCI transfers
[    0.545496] pci 0000:00:01.0: Activating ISA DMA hang workarounds
[    0.547341] Unpacking initramfs...
[    0.744661] Freeing initrd memory: 14824K
[    0.746142] clocksource: tsc: mask: 0xffffffffffffffff max_cycles: 0x19f228ab7a2, max_idle_ns: 440795289252 ns
[    0.748665] platform rtc_cmos: registered platform RTC device (no PNP device found)
[    0.750601] Scanning for low memory corruption every 60 seconds
[    0.752352] audit: initializing netlink subsys (disabled)
[    0.753696] audit: type=2000 audit(1561285742.917:1): initialized
[    0.755426] Initialise system trusted keyring
[    0.756729] HugeTLB registered 2 MB page size, pre-allocated 0 pages
[    0.759322] zbud: loaded
[    0.760441] VFS: Disk quotas dquot_6.6.0
[    0.761436] VFS: Dquot-cache hash table entries: 512 (order 0, 4096 bytes)
[    0.763192] squashfs: version 4.0 (2009/01/31) Phillip Lougher
[    0.764916] fuse init (API version 7.23)
[    0.766049] Key type big_key registered
[    0.766991] Allocating IMA MOK and blacklist keyrings.
[    0.769342] Key type asymmetric registered
[    0.770314] Asymmetric key parser 'x509' registered
[    0.771477] Block layer SCSI generic (bsg) driver version 0.4 loaded (major 249)
[    0.773329] io scheduler noop registered
[    0.774259] io scheduler deadline registered (default)
[    0.775554] io scheduler cfq registered
[    0.776686] pci_hotplug: PCI Hot Plug PCI Core version: 0.5
[    0.777925] pciehp: PCI Express Hot Plug Controller Driver version: 0.4
[    0.779494] ACPI: AC Adapter [AC] (on-line)
[    0.780565] input: Power Button as /devices/LNXSYSTM:00/LNXPWRBN:00/input/input0
[    0.782277] ACPI: Power Button [PWRF]
[    0.783406] input: Sleep Button as /devices/LNXSYSTM:00/LNXSLPBN:00/input/input1
[    0.785154] ACPI: Sleep Button [SLPF]
[    0.786781] ACPI: Battery Slot [BAT0] (battery present)
[    0.787923] GHES: HEST is not enabled!
[    0.788915] Serial: 8250/16550 driver, 32 ports, IRQ sharing enabled
[    0.810730] 00:02: ttyS0 at I/O 0x3f8 (irq = 4, base_baud = 115200) is a 1650A
[    0.815294] Linux agpgart interface v0.103
[    0.817871] loop: module loaded
[    0.819290] scsi host0: ata_piix
[    0.820268] scsi host1: ata_piix
[    0.821081] ata1: PATA max UDMA/33 cmd 0x1f0 ctl 0x3f6 bmdma 0xd000 irq 14
[    0.822483] ata2: PATA max UDMA/33 cmd 0x170 ctl 0x376 bmdma 0xd008 irq 15
[    0.824104] libphy: Fixed MDIO Bus: probed
[    0.825052] tun: Universal TUN/TAP device driver, 1.6
[    0.826179] tun: (C) 1999-2004 Max Krasnyansky <maxk@qualcomm.com>
[    0.827531] PPP generic driver version 2.4.2
[    0.828664] ehci_hcd: USB 2.0 'Enhanced' Host Controller (EHCI) Driver
[    0.829966] ehci-pci: EHCI PCI platform driver
[    0.830989] ehci-platform: EHCI generic platform driver
[    0.832180] ohci_hcd: USB 1.1 'Open' Host Controller (OHCI) Driver
[    0.833477] ohci-pci: OHCI PCI platform driver
[    0.834475] ohci-platform: OHCI generic platform driver
[    0.835598] uhci_hcd: USB Universal Host Controller Interface driver
[    0.837017] i8042: PNP: PS/2 Controller [PNP0303:PS2K,PNP0f03:PS2M] at 0x60,0x64 irq 1,12
[    0.839194] serio: i8042 KBD port at 0x60,0x64 irq 1
[    0.840267] serio: i8042 AUX port at 0x60,0x64 irq 12
[    0.841407] mousedev: PS/2 mouse device common for all mice
[    0.843016] input: AT Translated Set 2 keyboard as /devices/platform/i8042/serio0/input/input2
[    0.845045] rtc_cmos rtc_cmos: rtc core: registered rtc_cmos as rtc0
[    0.846334] rtc_cmos rtc_cmos: alarms up to one day, 114 bytes nvram
[    0.847623] i2c /dev entries driver
[    0.848528] device-mapper: uevent: version 1.0.3
[    0.849549] device-mapper: ioctl: 4.34.0-ioctl (2015-10-28) initialised: dm-devel@redhat.com
[    0.851329] ledtrig-cpu: registered to indicate activity on CPUs
[    0.853057] NET: Registered protocol family 10
[    0.854254] NET: Registered protocol family 17
[    0.855310] Key type dns_resolver registered
[    0.856889] registered taskstats version 1
[    0.857828] Loading compiled-in X.509 certificates
[    0.859415] Loaded X.509 cert 'Build time autogenerated kernel key: 7ba2dee60acc6d70f0ebdb64460d59d2cf8df5ff'
[    0.861403] zswap: loaded using pool lzo/zbud
[    0.863966] Key type trusted registered
[    0.868038] Key type encrypted registered
[    0.868856] AppArmor: AppArmor sha1 policy hashing enabled
[    0.869824] ima: No TPM chip found, activating TPM-bypass!
[    0.870806] ima: Allocated hash algorithm: sha1
[    0.871768] evm: HMAC attrs: 0x1
[    0.872814]   Magic number: 7:713:477
[    0.873620] rtc_cmos rtc_cmos: setting system clock to 2019-06-23 10:28:58 UTC (1561285738)
[    0.875167] BIOS EDD facility v0.16 2004-Jun-25, 0 devices found
[    0.876197] EDD information not available.
[    0.982571] Freeing unused kernel memory: 1484K
[    0.988051] Write protecting the kernel read-only data: 14336k
[    0.993520] Freeing unused kernel memory: 1616K
[    0.997584] Freeing unused kernel memory: 68K
Loading, please wait...
starting version 229
[    1.040758] random: systemd-udevd: uninitialized urandom read (16 bytes read, 3 bits of entropy available)
[    1.042395] random: udevadm: uninitialized urandom read (16 bytes read, 3 bits of entropy available)
[    1.042436] random: udevadm: uninitialized urandom read (16 bytes read, 3 bits of entropy available)
[    1.052001] random: systemd-udevd: uninitialized urandom read (16 bytes read, 3 bits of entropy available)
[    1.054745] random: systemd-udevd: uninitialized urandom read (16 bytes read, 3 bits of entropy available)
[    1.056935] random: udevadm: uninitialized urandom read (16 bytes read, 3 bits of entropy available)
[    1.056991] random: udevadm: uninitialized urandom read (16 bytes read, 3 bits of entropy available)
[    1.057169] random: udevadm: uninitialized urandom read (16 bytes read, 3 bits of entropy available)
[    1.057234] random: udevadm: uninitialized urandom read (16 bytes read, 3 bits of entropy available)
[    1.057309] random: udevadm: uninitialized urandom read (16 bytes read, 3 bits of entropy available)
[    1.113548] Fusion MPT base driver 3.04.20
[    1.114696] Copyright (c) 1999-2008 LSI Corporation
[    1.121263] e1000: Intel(R) PRO/1000 Network Driver - version 7.3.21-k8-NAPI
[    1.122458] e1000: Copyright (c) 1999-2006 Intel Corporation.
[    1.127519] Fusion MPT SPI Host driver 3.04.20
[    1.133133] AVX2 version of gcm_enc/dec engaged.
[    1.134097] AES CTR mode by8 optimization enabled
[    1.321141] input: ImExPS/2 Generic Explorer Mouse as /devices/platform/i8042/serio1/input/input4
[    1.475249] e1000 0000:00:03.0 eth0: (PCI:33MHz:32-bit) 02:26:20:ce:de:47
[    1.476723] e1000 0000:00:03.0 eth0: Intel(R) PRO/1000 Network Connection
[    1.479024] mptbase: ioc0: Initiating bringup
[    1.563613] ioc0: LSI53C1030 A0: Capabilities={Initiator}
[    1.816377] scsi host2: ioc0: LSI53C1030 A0, FwRev=00000000h, Ports=1, MaxQ=256, IRQ=20
[    1.966960] scsi 2:0:0:0: Direct-Access     VBOX     HARDDISK         1.0  PQ: 0 ANSI: 5
[    1.973317] scsi target2:0:0: Beginning Domain Validation
[    1.985951] scsi target2:0:0: Domain Validation skipping write tests
[    1.990489] scsi target2:0:0: Ending Domain Validation
[    2.006430] scsi target2:0:0: asynchronous
[    2.042340] scsi 2:0:1:0: Direct-Access     VBOX     HARDDISK         1.0  PQ: 0 ANSI: 5
[    2.043937] scsi target2:0:1: Beginning Domain Validation
[    2.051848] scsi target2:0:1: Domain Validation skipping write tests
[    2.053104] scsi target2:0:1: Ending Domain Validation
[    2.054318] scsi target2:0:1: asynchronous
[    2.063729] sd 2:0:0:0: Attached scsi generic sg0 type 0
[    2.065956] sd 2:0:0:0: [sda] 20971520 512-byte logical blocks: (10.7 GB/10.0 GiB)
[    2.078593] sd 2:0:1:0: [sdb] 20480 512-byte logical blocks: (10.5 MB/10.0 MiB)
[    2.080186] sd 2:0:1:0: Attached scsi generic sg1 type 0
[    2.081263] sd 2:0:1:0: [sdb] Write Protect is off
[    2.082197] sd 2:0:1:0: [sdb] Incomplete mode parameter data
[    2.083164] sd 2:0:1:0: [sdb] Assuming drive cache: write through
[    2.084257] sd 2:0:0:0: [sda] Write Protect is off
[    2.085479] sd 2:0:0:0: [sda] Incomplete mode parameter data
[    2.086539] sd 2:0:0:0: [sda] Assuming drive cache: write through
[    2.088787]  sda: sda1
[    2.089852] sd 2:0:1:0: [sdb] Attached SCSI disk
[    2.091097] sd 2:0:0:0: [sda] Attached SCSI disk
[    2.331356] e1000 0000:00:08.0 eth1: (PCI:33MHz:32-bit) 08:00:27:11:e6:d9
[    2.332886] e1000 0000:00:08.0 eth1: Intel(R) PRO/1000 Network Connection
[    2.335306] e1000 0000:00:03.0 enp0s3: renamed from eth0
[    2.347254] e1000 0000:00:08.0 enp0s8: renamed from eth1
Begin: Loading essential drivers ... [    3.651503] md: linear personality registered for level -1
[    3.657494] md: multipath personality registered for level -4
[    3.661222] md: raid0 personality registered for level 0
[    3.666071] md: raid1 personality registered for level 1
[    3.738726] raid6: sse2x1   gen() 10572 MB/s
[    3.806728] raid6: sse2x1   xor()  7907 MB/s
[    3.874731] raid6: sse2x2   gen() 14408 MB/s
[    3.942756] raid6: sse2x2   xor() 10056 MB/s
[    4.010767] raid6: sse2x4   gen() 16496 MB/s
[    4.078753] raid6: sse2x4   xor() 11078 MB/s
[    4.146714] raid6: avx2x1   gen() 23268 MB/s
[    4.214778] raid6: avx2x2   gen() 23513 MB/s
[    4.282758] raid6: avx2x4   gen() 29450 MB/s
[    4.283495] raid6: using algorithm avx2x4 gen() 29450 MB/s
[    4.284417] raid6: using avx2x2 recovery algorithm
[    4.286406] xor: automatically using best checksumming function:
[    4.347762]    avx       : 72612.000 MB/sec
[    4.350169] async_tx: api initialized (async)
[    4.359631] md: raid6 personality registered for level 6
[    4.360908] md: raid5 personality registered for level 5
[    4.362048] md: raid4 personality registered for level 4
[    4.369164] md: raid10 personality registered for level 10
done.
Begin: Running /scripts/init-premount ... done.
Begin: Mounting root file system ... Begin: Running /scripts/local-top ... done.
Begin: Running /scripts/local-premount ... [    4.399417] Btrfs loaded
Scanning for Btrfs filesystems
done.
Warning: fsck not present, so skipping root file system
[    4.430068] EXT4-fs (sda1): mounted filesystem with ordered data mode. Opts: (null)
done.
Begin: Running /scripts/local-bottom ... done.
Begin: Running /scripts/init-bottom ... done.
[    4.548948] systemd[1]: systemd 229 running in system mode. (+PAM +AUDIT +SELINUX +IMA +APPARMOR +SMACK +SYSVINIT +UTMP +LIBCRYPTSETUP +GCRYPT +GNUTLS +ACL +XZ -LZ4 +SECCOMP +BLKID +ELFUTILS +KMOD -IDN)
[    4.555378] systemd[1]: Detected virtualization oracle.
[    4.557174] systemd[1]: Detected architecture x86-64.

Welcome to [1mUbuntu 16.04.6 LTS[0m!

[    4.562801] systemd[1]: Set hostname to <ubuntu>.
[    4.568352] systemd[1]: Initializing machine ID from random generator.
[    4.570132] systemd[1]: Installed transient /etc/machine-id file.
[    4.733774] systemd[1]: Created slice User and Session Slice.
[[0;32m  OK  [0m] Created slice User and Session Slice.
[    4.736691] systemd[1]: Listening on /dev/initctl Compatibility Named Pipe.
[[0;32m  OK  [0m] Listening on /dev/initctl Compatibility Named Pipe.
[    4.740468] systemd[1]: Reached target System Time Synchronized.
[[0;32m  OK  [0m] Reached target System Time Synchronized.
[    4.743337] systemd[1]: Reached target User and Group Name Lookups.
[[0;32m  OK  [0m] Reached target User and Group Name Lookups.
[    4.746501] systemd[1]: Reached target Encrypted Volumes.
[[0;32m  OK  [0m] Reached target Encrypted Volumes.
[    4.750012] systemd[1]: Created slice System Slice.
[[0;32m  OK  [0m] Created slice System Slice.
[    4.752948] systemd[1]: Reached target Slices.
[[0;32m  OK  [0m] Reached target Slices.
[    4.755567] systemd[1]: Listening on Device-mapper event daemon FIFOs.
[[0;32m  OK  [0m] Listening on Device-mapper event daemon FIFOs.
[    4.758553] systemd[1]: Listening on LVM2 metadata daemon socket.
[[0;32m  OK  [0m] Listening on LVM2 metadata daemon socket.
[    4.761227] systemd[1]: Started Forward Password Requests to Wall Directory Watch.
[[0;32m  OK  [0m] Started Forward Password Requests to Wall Directory Watch.
[    4.764723] systemd[1]: Listening on Journal Audit Socket.
[[0;32m  OK  [0m] Listening on Journal Audit Socket.
[    4.768338] systemd[1]: Listening on Journal Socket (/dev/log).
[[0;32m  OK  [0m] Listening on Journal Socket (/dev/log).
[    4.770569] systemd[1]: Set up automount Arbitrary Executable File Formats File System Automount Point.
[[0;32m  OK  [0m] Set up automount Arbitrary Executab...ats File System Automount Point.
[    4.773809] systemd[1]: Started Trigger resolvconf update for networkd DNS.
[[0;32m  OK  [0m] Started Trigger resolvconf update for networkd DNS.
[    4.776284] systemd[1]: Listening on Journal Socket.
[[0;32m  OK  [0m] Listening on Journal Socket.
[    4.792878] systemd[1]: Starting Load Kernel Modules...
         Starting Load Kernel Modules...
[    4.795889] systemd[1]: Mounting Huge Pages File System...
         Mounting Huge Pages File System...
[    4.799143] systemd[1]: Starting Nameserver information manager...
         Starting Nameserver information manager...
[    4.803090] systemd[1]: Starting Monitoring of LVM2 mirrors, snapshots etc. using dmeventd or progress polling...
[    4.805508] Loading iSCSI transport class v2.0-870.
         Starting Monitoring of LVM2 mirrors... dmeventd or progress polling...
[    4.808362] systemd[1]: Starting Set console keymap...
         Starting Set console keymap...
[    4.812310] systemd[1]: Starting Remount Root and Kernel File Systems...
         Starting Remount Root and Kernel File Systems...
[    4.815663] systemd[1]: Mounting POSIX Message Queue File System...
         Mounting POSIX Message Queue File System...
[    4.820113] systemd[1]: Starting Create list of required static device nodes for the current kernel...
         Starting Create list of required st... nodes for the current kernel...
[    4.823889] systemd[1]: Listening on LVM2 poll daemon socket.
[    4.826637] EXT4-fs (sda1): re-mounted. Opts: (null)
[    4.827080] iscsi: registered transport (tcp)
[[0;32m  OK  [0m] Listening on LVM2 poll daemon socket.
[    4.832110] systemd[1]: Created slice system-serial\x2dgetty.slice.
[[0;32m  OK  [0m] Created slice system-serial\x2dgetty.slice.
[    4.834263] systemd[1]: Listening on Syslog Socket.
[[0;32m  OK  [0m] Listening on Syslog Socket.
[    4.837142] systemd[1]: Starting Journal Service...
         Starting Journal Service...
[    4.840832] systemd[1]: Starting Uncomplicated firewall...
         Starting Uncomplicated firewall...
[    4.842877] systemd[1]: Reached target Swap.
[[0;32m  OK  [0m] Reached target Swap.
[    4.844667] systemd[1]: Listening on udev Control Socket.
[[0;32m  OK  [0m] Listening on udev Control Socket.
[    4.847362] systemd[1]: Mounting Debug File System...
         Mounting Debug File System...
[    4.849047] systemd[1]: Listening on udev Kernel Socket.
[[0;32m  OK  [0m] Listening on udev Kernel Socket.
[    4.852812] systemd[1]: Mounted POSIX Message Queue File System.
[[0;32m  OK  [0m] Mounted POSIX Message Queue File System.
[    4.855628] systemd[1]: Mounted Huge Pages File System.
[[0;32m  OK  [0m] Mounted Huge Pages File System.
[    4.858294] systemd[1]: Started Remount Root and Kernel File Systems.
[[0;32m  OK  [0m] Started Remount Root and Kernel File Systems.
[    4.863587] systemd[1]: Started Create list of required static device nodes for the current kernel.
[[0;32m  OK  [0m] Started Create list of required sta...ce nodes for the current kernel.
[    4.867014] systemd[1]: Started Uncomplicated firewall.
[[0;32m  OK  [0m] Started Uncomplicated firewall.
[    4.869063] systemd[1]: Mounted Debug File System.
[[0;32m  OK  [0m] Mounted Debug File System.
[    4.870986] systemd[1]: Started Nameserver information manager.
[[0;32m  OK  [0m] Started Nameserver information manager.
[    4.884081] systemd[1]: Started Journal Service.
[[0;32m  OK  [0m] Started Journal Service.
[    4.908602] iscsi: registered transport (iser)
[[0;32m  OK  [0m] Started Load Kernel Modules.
[[0;32m  OK  [0m] Started Set console keymap.
         Mounting FUSE Control File System...
         Starting Apply Kernel Variables...
[[0;32m  OK  [0m] Started LVM2 metadata daemon.
         Starting Create Static Device Nodes in /dev...
         Starting Load/Save Random Seed...
         Starting Flush Journal to Persistent Storage...
         Starting udev Coldplug all Devices...
[[0;32m  OK  [0m] Mounted FUSE Control File System.
[[0;32m  OK  [0m] Started Load/Save Random Seed.
[[0;32m  OK  [0m] Started Apply Kernel Variables.
[[0;32m  OK  [0m] Started Create Static Device Nodes in /dev.
         Starting udev Kernel Device Manager...
[[0;32m  OK  [0m] Started Flush Journal to Persistent Storage.
[[0;32m  OK  [0m] Started udev Coldplug all Devices.
[[0;32m  OK  [0m] Started udev Kernel Device Manager.
[[0;32m  OK  [0m] Started Dispatch Password Requests to Console Directory Watch.
[[0;32m  OK  [0m] Found device /dev/ttyS0.
[[0;32m  OK  [0m] Listening on Load/Save RF Kill Switch Status /dev/rfkill Watch.
[[0;32m  OK  [0m] Started Monitoring of LVM2 mirrors,...ng dmeventd or progress polling.
[[0;32m  OK  [0m] Reached target Local File Systems (Pre).
[[0;32m  OK  [0m] Reached target Local File Systems.
         Starting LSB: AppArmor initialization...
         Starting Create Volatile Files and Directories...
         Starting Tell Plymouth To Write Out Runtime Data...
         Starting Set console font and keymap...
         Starting Initial cloud-init job (pre-networking)...
         Starting Commit a transient machine-id on disk...
[[0;32m  OK  [0m] Started Create Volatile Files and Directories.
[[0;32m  OK  [0m] Started Tell Plymouth To Write Out Runtime Data.
[[0;32m  OK  [0m] Started Commit a transient machine-id on disk.
         Starting Update UTMP about System Boot/Shutdown...
[[0;32m  OK  [0m] Started Update UTMP about System Boot/Shutdown.
[[0;32m  OK  [0m] Started Set console font and keymap.
[[0;32m  OK  [0m] Created slice system-getty.slice.
[[0;32m  OK  [0m] Started LSB: AppArmor initialization.
[    6.281413] cloud-init[628]: Cloud-init v. 19.1-1-gbaa47854-0ubuntu1~16.04.1 running 'init-local' at Sun, 23 Jun 2019 10:29:03 +0000. Up 6.02 seconds.
[[0;32m  OK  [0m] Started Initial cloud-init job (pre-networking).
[[0;32m  OK  [0m] Reached target Network (Pre).
         Starting Raise network interfaces...
[[0;32m  OK  [0m] Started Raise network interfaces.
         Starting Initial cloud-init job (metadata service crawler)...
[[0;32m  OK  [0m] Reached target Network.
[    7.529390] cloud-init[958]: Cloud-init v. 19.1-1-gbaa47854-0ubuntu1~16.04.1 running 'init' at Sun, 23 Jun 2019 10:29:04 +0000. Up 6.80 seconds.
[    7.531073] cloud-init[958]: ci-info: ++++++++++++++++++++++++++++++++++++++Net device info+++++++++++++++++++++++++++++++++++++++
[    7.532465] cloud-init[958]: ci-info: +--------+-------+----------------------------+---------------+--------+-------------------+
[    7.533779] cloud-init[958]: ci-info: | Device |   Up  |          Address           |      Mask     | Scope  |     Hw-Address    |
[    7.535182] cloud-init[958]: ci-info: +--------+-------+----------------------------+---------------+--------+-------------------+
[    7.536496] cloud-init[958]: ci-info: | enp0s3 |  True |         10.0.2.15          | 255.255.255.0 | global | 02:26:20:ce:de:47 |
[    7.538034] cloud-init[958]: ci-info: | enp0s3 |  True | fe80::26:20ff:fece:de47/64 |       .       |  link  | 02:26:20:ce:de:47 |
[    7.539304] cloud-init[958]: ci-info: | enp0s8 | False |             .              |       .       |   .    | 08:00:27:11:e6:d9 |
[    7.544406] cloud-init[958]: ci-info: |   lo   |  True |         127.0.0.1          |   255.0.0.0   |  host  |         .         |
[    7.545993] cloud-init[958]: ci-info: |   lo   |  True |          ::1/128           |       .       |  host  |         .         |
[    7.547940] cloud-init[958]: ci-info: +--------+-------+----------------------------+---------------+--------+-------------------+
[    7.549772] cloud-init[958]: ci-info: +++++++++++++++++++++++++++Route IPv4 info++++++++++++++++++++++++++++
[    7.551372] cloud-init[958]: ci-info: +-------+-------------+----------+---------------+-----------+-------+
[    7.553023] cloud-init[958]: ci-info: | Route | Destination | Gateway  |    Genmask    | Interface | Flags |
[    7.554627] cloud-init[958]: ci-info: +-------+-------------+----------+---------------+-----------+-------+
[    7.556202] cloud-init[958]: ci-info: |   0   |   0.0.0.0   | 10.0.2.2 |    0.0.0.0    |   enp0s3  |   UG  |
[    7.557833] cloud-init[958]: ci-info: |   1   |   10.0.2.0  | 0.0.0.0  | 255.255.255.0 |   enp0s3  |   U   |
[    7.559440] cloud-init[958]: ci-info: +-------+-------------+----------+---------------+-----------+-------+
[    7.561097] cloud-init[958]: ci-info: +++++++++++++++++++Route IPv6 info+++++++++++++++++++
[    7.562521] cloud-init[958]: ci-info: +-------+-------------+---------+-----------+-------+
[    7.563932] cloud-init[958]: ci-info: | Route | Destination | Gateway | Interface | Flags |
[    7.565418] cloud-init[958]: ci-info: +-------+-------------+---------+-----------+-------+
[    7.566792] cloud-init[958]: ci-info: |   0   |  fe80::/64  |    ::   |   enp0s3  |   U   |
[    7.568232] cloud-init[958]: ci-info: |   3   |   ff00::/8  |    ::   |   enp0s3  |   U   |
[    7.569640] cloud-init[958]: ci-info: +-------+-------------+---------+-----------+-------+
[    7.571366] cloud-init[958]: Generating public/private rsa key pair.
[    7.572862] cloud-init[958]: Your identification has been saved in /etc/ssh/ssh_host_rsa_key.
[    7.574384] cloud-init[958]: Your public key has been saved in /etc/ssh/ssh_host_rsa_key.pub.
[    7.575855] cloud-init[958]: The key fingerprint is:
[    7.576908] cloud-init[958]: SHA256:Byqq17nIvX6yW/hjCJxnHCrCdy70WGMen0DvGT62lUk root@ubuntu-xenial
[    7.578493] cloud-init[958]: The key's randomart image is:
[    7.579521] cloud-init[958]: +---[RSA 2048]----+
[    7.580468] cloud-init[958]: |                 |
[    7.581613] cloud-init[958]: |                 |
[    7.582563] cloud-init[958]: |        .        |
[    7.583395] cloud-init[958]: |    .. . .       |
[    7.584245] cloud-init[958]: |.. +o.o SE.      |
[    7.585089] cloud-init[958]: |o.=++X o..o      |
[    7.585920] cloud-init[958]: |..+=XoO ++       |
[    7.586693] cloud-init[958]: | o.==*+O.        |
[    7.587438] cloud-init[958]: |..o.OOooo        |
[    7.588221] cloud-init[958]: +----[SHA256]-----+
[    7.589171] cloud-init[958]: Generating public/private dsa key pair.
[    7.590297] cloud-init[958]: Your identification has been saved in /etc/ssh/ssh_host_dsa_key.
[    7.591623] cloud-init[958]: Your public key has been saved in /etc/ssh/ssh_host_dsa_key.pub.
[    7.592933] cloud-init[958]: The key fingerprint is:
[    7.594407] cloud-init[958]: SHA256:sXI1CNp/SM8BbcWeuHIre/skDD6z9ppm93zuMdiRcL4 root@ubuntu-xenial
[    7.596126] cloud-init[958]: The key's randomart image is:
[    7.597438] cloud-init[958]: +---[DSA 1024]----+
[    7.598331] cloud-init[958]: |      . .. o.    |
[    7.599072] cloud-init[958]: |     o . oo .    |
[    7.599863] cloud-init[958]: |    . . +.+o...  |
[    7.600807] cloud-init[958]: |       o B.oo+ . |
[    7.601717] cloud-init[958]: |      . S +.  +  |
[    7.608479] cloud-init[958]: |       +.+o  o o |
[    7.609526] cloud-init[958]: |        +oo.o E  |
[    7.610542] cloud-init[958]: |        ==++  .o |
[    7.611506] cloud-init[958]: |       +=Bo+++o  |
[    7.612618] cloud-init[958]: +----[SHA256]-----+
[    7.613664] cloud-init[958]: Generating public/private ecdsa key pair.
[    7.614814] cloud-init[958]: Your identification has been saved in /etc/ssh/ssh_host_ecdsa_key.
[    7.616053] cloud-init[958]: Your public key has been saved in /etc/ssh/ssh_host_ecdsa_key.pub.
[    7.617478] cloud-init[958]: The key fingerprint is:
[    7.618453] cloud-init[958]: SHA256:T4CZfax7ScrJmQ0d2NAE/S9USh2nDCrbANn078cd8hs root@ubuntu-xenial
[    7.619728] cloud-init[958]: The key's randomart image is:
[    7.620781] cloud-init[958]: +---[ECDSA 256]---+
[    7.621701] cloud-init[958]: |      .++=. .....|
[    7.622710] cloud-init[958]: |      .*.*o..ooo |
[    7.623635] cloud-init[958]: |      + * Bo oo  |
[    7.624617] cloud-init[958]: |         X o+    |
[    7.625737] cloud-init[958]: |        S =..o . |
[    7.626628] cloud-init[958]: |       o % o..+..|
[    7.627484] cloud-init[958]: |        O = ..oE.|
[    7.628331] cloud-init[958]: |         .   .  o|
[[0;32m  OK  [0m] Started Initial cloud-init job (metadata service crawler).
[    7.640393] cloud-init[958]: |               . |
[    7.641986] cloud-init[958]: +----[SHA256]-----+
[    7.642588] [[0;32m  OK  [0m] Reached target Network is Online.
cloud-init[958]: Generating public/private ed25519 key pair.
[    7.644194] cloud-init[958]: Your identification has been saved in /etc/ssh/ssh_host_ed25519_key.
[    7.645605] cloud-init[958]: Your public key has been saved in /etc/ssh/ssh_host_ed25519_key.pub.
[    7.646724] cloud-init[958]: The key fingerprint is:
[    7.647345] cloud-init[958]: SHA256:HiiZmZN2o+00n5zsnUn3K/Xhk9HtGZmYQoxytYBOGZU root@ubuntu-xenial
[    7.648446] cloud-init[958]: The key's randomart image is:
[    7.649265] cloud-init[958]: +--[ED25519 256]--+
[    7.649892] cloud-init[958]: |       .=..      |
[    7.650712] cloud-init[958]: |       + E .     |
[    7.651547] cloud-init[958]: |      o   = .    |
[    7.652291]          Starting iSCSI initiator daemon (iscsid)...
[[0;32m  OK  [0m] Reached target System Initialization.
[[0;32m  OK  [0m] Listening on ACPID Listen Socket.
cloud-init[958]: |     * + o +     |
[    7.655375] cloud-init[958]: |    X + S .   o =|         Starting LXD - unix socket.
[[0;32m  OK  [0m] Listening on UUID daemon activation socket.
[[0;32m  OK  [0m] Started Daily apt download activities.

[    7.657801] cloud-init[958]: |   . * o . . o.*o|
[    7.658604] [[0;32m  OK  [0m] Started ACPI Events Check.
[[0;32m  OK  [0m] Reached target Paths.
[[0;32m  OK  [0m] Listening on D-Bus System Message Bus Socket.
[[0;32m  OK  [0m] Started Daily Cleanup of Temporary Directories.
cloud-init[958]: |    . + . . o..o*|         Starting Socket activation for snappy daemon.
[[0;32m  OK  [0m] Started Daily apt upgrade and clean activities.
[[0;32m  OK  [0m] Reached target Timers.
[[0;32m  OK  [0m] Reached target Cloud-config availability.
[[0;32m  OK  [0m] Listening on LXD - unix socket.

[    7.664796] cloud-init[958]: |     o = = +.. =o|
[    7.666261] [[0;32m  OK  [0m] Listening on Socket activation for snappy daemon.
cloud-init[958]: |      ..B +  .o..|
[    7.668840] cloud-init[[0;32m  OK  [0m] Reached target Sockets.
[[0;32m  OK  [0m] Reached target Basic System.
[958]: +----[SHA256]-----+
[[0;32m  OK  [0m] Started ACPI event daemon.
[[0;32m  OK  [0m] Started FUSE filesystem for LXC.
         Starting LSB: Record successful boot for GRUB...
         Starting Pollinate to seed the pseudo random number generator...
[[0;32m  OK  [0m] Started D-Bus System Message Bus.
         Starting Accounts Service...
         Starting Login Service...
         Starting Virtualbox guest utils...
         Starting LXD - container startup/shutdown...
[[0;32m  OK  [0m] Started Regular background program processing daemon.
[[0;32m  OK  [0m] Started Deferred execution scheduler.
         Starting System Logging Service...
         Starting /etc/rc.local Compatibility...
         Starting LSB: MD monitoring daemon...
         Starting Snappy daemon...
[[0;32m  OK  [0m] Started iSCSI initiator daemon (iscsid).
[[0;32m  OK  [0m] Started /etc/rc.local Compatibility.
[[0;32m  OK  [0m] Started System Logging Service.
[[0;32m  OK  [0m] Started LSB: Record successful boot for GRUB.
[[0;32m  OK  [0m] Started Login Service.
[[0;32m  OK  [0m] Started Unattended Upgrades Shutdown.
         Starting Authenticate and Authorize Users to Run Privileged Tasks...
         Starting Login to default iSCSI targets...
[[0;32m  OK  [0m] Started Login to default iSCSI targets.
[[0;32m  OK  [0m] Reached target Remote File Systems (Pre).
[[0;32m  OK  [0m] Reached target Remote File Systems.
         Starting LSB: Set the CPU Frequency Scaling governor to "ondemand"...
         Starting LSB: daemon to balance interrupts for SMP systems...
         Starting Permit User Sessions...
         Starting LSB: automatic crash report generation...
[[0;32m  OK  [0m] Started LSB: MD monitoring daemon.
[[0;32m  OK  [0m] Started Permit User Sessions.
[[0;32m  OK  [0m] Started Authenticate and Authorize Users to Run Privileged Tasks.
[[0;32m  OK  [0m] Started Accounts Service.
         Starting Hold until boot process finishes up...
         Starting Terminate Plymouth Boot Screen...
[[0;32m  OK  [0m] Started Virtualbox guest utils.
[[0;32m  OK  [0m] Started LXD - container startup/shutdown.
[[0;32m  OK  [0m] Started LSB: Set the CPU Frequency Scaling governor to "ondemand".
[[0;32m  OK  [0m] Started Hold until boot process finishes up.
[[0;32m  OK  [0m] Started Terminate Plymouth Boot Screen.
         Starting Set console scheme...
[[0;32m  OK  [0m] Started Serial Getty on ttyS0.
[[0;32m  OK  [0m] Started Getty on tty1.
[[0;32m  OK  [0m] Reached target Login Prompts.
[[0;32m  OK  [0m] Started Snappy daemon.
[[0;32m  OK  [0m] Started LSB: daemon to balance interrupts for SMP systems.
[[0;32m  OK  [0m] Started Set console scheme.
         Starting Wait until snapd is fully seeded...
[[0;32m  OK  [0m] Started LSB: automatic crash report generation.
[[0;32m  OK  [0m] Started Pollinate to seed the pseudo random number generator.
         Starting OpenBSD Secure Shell server...
[[0;32m  OK  [0m] Started OpenBSD Secure Shell server.
[[0;32m  OK  [0m] Started Wait until snapd is fully seeded.
         Starting Apply the settings specified in cloud-config...
[[0;32m  OK  [0m] Reached target Multi-User System.
[[0;32m  OK  [0m] Reached target Graphical Interface.
         Starting Update UTMP about System Runlevel Changes...
[[0;32m  OK  [0m] Started Update UTMP about System Runlevel Changes.
[    9.966779] cloud-init[1302]: Generating locales (this might take a while)...
[   10.706226] cloud-init[1302]:   en_US.UTF-8... done
[   10.707881] cloud-init[1302]: Generation complete.
[   11.002219] cloud-init[1302]: Cloud-init v. 19.1-1-gbaa47854-0ubuntu1~16.04.1 running 'modules:config' at Sun, 23 Jun 2019 10:29:07 +0000. Up 9.86 seconds.
[[0;32m  OK  [0m] Started Apply the settings specified in cloud-config.
         Starting Execute cloud user/final scripts...
ci-info: no authorized ssh keys fingerprints found for user ubuntu.
<14>Jun 23 10:29:09 ec2: 
<14>Jun 23 10:29:09 ec2: #############################################################
<14>Jun 23 10:29:09 ec2: -----BEGIN SSH HOST KEY FINGERPRINTS-----
<14>Jun 23 10:29:09 ec2: 1024 SHA256:sXI1CNp/SM8BbcWeuHIre/skDD6z9ppm93zuMdiRcL4 root@ubuntu-xenial (DSA)
<14>Jun 23 10:29:09 ec2: 256 SHA256:T4CZfax7ScrJmQ0d2NAE/S9USh2nDCrbANn078cd8hs root@ubuntu-xenial (ECDSA)
<14>Jun 23 10:29:09 ec2: 256 SHA256:HiiZmZN2o+00n5zsnUn3K/Xhk9HtGZmYQoxytYBOGZU root@ubuntu-xenial (ED25519)
<14>Jun 23 10:29:09 ec2: 2048 SHA256:Byqq17nIvX6yW/hjCJxnHCrCdy70WGMen0DvGT62lUk root@ubuntu-xenial (RSA)
<14>Jun 23 10:29:09 ec2: -----END SSH HOST KEY FINGERPRINTS-----
<14>Jun 23 10:29:09 ec2: #############################################################
-----BEGIN SSH HOST KEY KEYS-----
ecdsa-sha2-nistp256 AAAAE2VjZHNhLXNoYTItbmlzdHAyNTYAAAAIbmlzdHAyNTYAAABBBDbuL+I0R3HdFer1eerNRmgLLJYGVZk/IlBtLUkgWgaqT1V4DrmPpBubwSOKqA4BW8OYEDVmFsb2Y/9prTFM1tM= root@ubuntu-xenial
ssh-ed25519 AAAAC3NzaC1lZDI1NTE5AAAAIISW1MuzFIklO+4T7r3Td+80h+FDoKkrMuy2hDxPnorT root@ubuntu-xenial
ssh-rsa AAAAB3NzaC1yc2EAAAADAQABAAABAQDANGbEGmhqMK4PlzMlIeIuY3icUO8XC/dWckj2fSro9uDqoLSzk46yEbk2Z8ht6n0o+amh3ZSnLuFESVqK1d2W6LSn0U9TvEmjaEsKlOZ0DSg2ZWLOBAjILiIeXzGjGo4k57nj3GgIMNu+0cSxEij7YY1UZq2OhDE48nZNAdowSRnw1VvGVQjRgqcm0SQqGsLRh7o7aRcFI1UllrS9hS/f37SXbB62sfMYpp2Td1XfLJZryIfsC5fwPQ+E5/I3ZsFD61+VLlr1bq/htqef6UgkfrMDWGeGXGKAu6bHeZgw4a5wopzk7vgXMwAv6F1hlo3C1v8tD8TyPJTM5SBYn8jP root@ubuntu-xenial
-----END SSH HOST KEY KEYS-----
[   11.428440] cloud-init[1345]: Cloud-init v. 19.1-1-gbaa47854-0ubuntu1~16.04.1 running 'modules:final' at Sun, 23 Jun 2019 10:29:09 +0000. Up 11.29 seconds.
[   11.430128] cloud-init[1345]: ci-info: no authorized ssh keys fingerprints found for user ubuntu.
[   11.431340] cloud-init[1345]: Cloud-init v. 19.1-1-gbaa47854-0ubuntu1~16.04.1 finished at Sun, 23 Jun 2019 10:29:09 +0000. Datasource DataSourceNoCloud [seed=/dev/sdb][dsmode=net].  Up 11.42 seconds
[[0;32m  OK  [0m] Started Execute cloud user/final scripts.
[[0;32m  OK  [0m] Reached target Cloud-init target.

Ubuntu 16.04.6 LTS ubuntu-xenial ttyS0

ubuntu-xenial login: 